// Jest Snapshot v1, https://goo.gl/fbAQLP

exports[`Icebox tests Snapshot Icebox draws correctly 1`] = `
<Fragment>
  <div
    className="margintop"
  >
    <Column
      width={2}
    >
      <Card
        title="Dine ingredienser:"
      >
         Søk:
        <FormInput
          id="iceboxlistsearch"
          onChange={[Function]}
          placeholder="Søk etter ingrediens"
          type="text"
          value=""
        />
        <select
          className="form-select"
          id="selectExistingIngredient"
          onChange={[Function]}
        >
          <option
            key="0"
            value={3}
          >
            kjøttboller
          </option>
          <option
            key="1"
            value={2}
          >
            pizza fyll
          </option>
          <option
            key="2"
            value={1}
          >
            pizzadeig
          </option>
        </select>
        <ButtonSuccess
          id="btnIngredAdd"
          onClick={[Function]}
        >
          Legg til
        </ButtonSuccess>
        <Column>
          <br />
          <Row
            key="0"
          >
            <p
              style={
                {
                  "width": "199px",
                }
              }
            >
              kjøttboller
            </p>
            <Column
              width={2}
            >
              <ButtonDanger
                onClick={[Function]}
              >
                X
              </ButtonDanger>
            </Column>
          </Row>
        </Column>
      </Card>
    </Column>
    <Card
      title="Oppskrifter basert på dine ingredienser:"
    >
      <div
        id="icebox"
      >
        <Rows>
          <Cards
            key="0"
            title=""
          >
            <NavLink
              className="black"
              to="/recipe/2"
            >
              <RecipeView
                img="kjøttboller.jpg"
                name="Kjøttboller i brunsaus"
                numbOfPors={4}
              />
            </NavLink>
          </Cards>
        </Rows>
      </div>
    </Card>
  </div>
</Fragment>
`;
