// Jest Snapshot v1, https://goo.gl/fbAQLP

exports[`Icebox tests Snapshot Icebox draws correctly 1`] = `
<Fragment>
  <Column
    width={1}
  >
    <div
      className="margintop"
    >
      <Card
        title="Dine ingredienser:"
      >
        <Column>
          <h6>
            Søk
          </h6>
          <FormInput
            id="iceboxlistsearch"
            onChange={[Function]}
            type="text"
            value=""
          />
          <select
            className="form-select"
            id="selectExistingIngredient"
            onChange={[Function]}
          >
            <option
              key="0"
              value={3}
            >
              kjøttboller
            </option>
            <option
              key="1"
              value={2}
            >
              pizza fyll
            </option>
            <option
              key="2"
              value={1}
            >
              pizzadeig
            </option>
          </select>
        </Column>
        <Column>
          <Row
            key="0"
          >
            <p
              style={
                {
                  "width": "150px",
                }
              }
            >
              kjøttboller
            </p>
            <Column
              width={2}
            >
              <ButtonDanger
                onClick={[Function]}
              >
                X
              </ButtonDanger>
            </Column>
          </Row>
        </Column>
      </Card>
    </div>
  </Column>
  <Card
    title="Oppskrifter basert på dine ingredienser"
  >
    <div
      id="icebox"
    >
      <Row>
        <IceboxsCard
          key="0"
          title=""
        >
          <NavLink
            className="black"
            to="/recipe/2"
          >
            <RecipeView
              img="kjøttboller.jpg"
              name="Kjøttboller i brunsaus"
              numbOfPors={4}
            />
          </NavLink>
        </IceboxsCard>
      </Row>
    </div>
  </Card>
</Fragment>
`;
