// Jest Snapshot v1, https://goo.gl/fbAQLP

exports[`LikedRecipes tests Snapshot LikedRecipes draws correctly 1`] = `
<div
  className="margintop"
>
  <div
    className="container-fluid"
  >
    <Rows>
      <Cards
        key="1"
        numbOfPors={4}
      >
        <NavLink
          className="black"
          to="/recipe/1"
        >
          <RecipeView
            img="pizza.jpg"
            name="Pizza"
            numbOfPors={4}
          />
        </NavLink>
      </Cards>
    </Rows>
  </div>
</div>
`;
