// Jest Snapshot v1, https://goo.gl/fbAQLP

exports[`NewRecipe tests Try create recipe and fail because name, description, etc.. 1`] = `
<Fragment>
  <Card
    title="Registrer en ny oppskrift"
  >
    <Column>
      <Column
        width={2}
      >
        <FormLabel>
          Name:
        </FormLabel>
      </Column>
      <Column>
        <FormInput
          id="recipe_name_input"
          onChange={[Function]}
          type="text"
          value=""
        />
      </Column>
    </Column>
    <Column>
      <Column
        width={2}
      >
        <FormLabel>
          Description:
        </FormLabel>
      </Column>
      <Column>
        <FormTextarea
          id="recipe_description_input"
          onChange={[Function]}
          rows={5}
          style={
            {
              "width": "300px",
            }
          }
          type="text"
          value=""
        />
      </Column>
    </Column>
    <Column>
      <Column
        width={2}
      >
        <FormLabel>
          Steg:
        </FormLabel>
      </Column>
      <Column>
        <FormTextarea
          id="recipe_steps_input"
          onChange={[Function]}
          rows={5}
          style={
            {
              "width": "600px",
            }
          }
          type="text"
          value=""
        />
      </Column>
    </Column>
    <Column>
      <Column
        width={2}
      >
        <FormLabel>
          Porjsoner:
        </FormLabel>
      </Column>
      <Column>
        <FormInput
          id="recipe_portions_input"
          onChange={[Function]}
          type="number"
          value={0}
        />
      </Column>
    </Column>
    <Column>
      <Column
        width={2}
      >
        <FormLabel>
          Bilde url:
        </FormLabel>
      </Column>
      <Column>
        <FormInput
          id="recipe_picture_url_input"
          onChange={[Function]}
          type="text"
          value=""
        />
      </Column>
    </Column>
    <Column>
      <Column
        width={2}
      >
        <FormLabel>
          Land:
        </FormLabel>
      </Column>
      <Column>
        <select
          id="choseCountry"
          key="choseCountry"
          onChange={[Function]}
        >
          <option
            disabled={true}
            selected={true}
          >
            Velg land
          </option>
          <option
            key="1"
            value={1}
          >
            Sverige
          </option>
          <option
            key="2"
            value={2}
          >
            Italia
          </option>
        </select>
        <FormInput
          id="addCountry"
          onChange={[Function]}
          placeholder="Skriv inn landet retten kommer fra"
          type="text"
          value=""
        />
        <ButtonSuccess
          id="addCountryBtn"
          onClick={[Function]}
        >
          Legg til
        </ButtonSuccess>
      </Column>
    </Column>
    <Column>
      <Column
        width={2}
      >
        <FormLabel>
          Kategori:
        </FormLabel>
      </Column>
      <Column>
        <select
          id="choseCategory"
          key="choseCategory"
          onChange={[Function]}
        >
          <option
            disabled={true}
            selected={true}
          >
            Velg kategori
          </option>
          <option
            key="1"
            value={1}
          >
            Ikea mat
          </option>
          <option
            key="2"
            value={2}
          >
            enkelt
          </option>
        </select>
        <FormInput
          id="addCategory"
          onChange={[Function]}
          placeholder="Skriv inn kattegorien retten tilhører"
          type="text"
          value=""
        />
        <ButtonSuccess
          id="addCategoryBtn"
          onClick={[Function]}
        >
          Legg til
        </ButtonSuccess>
      </Column>
    </Column>
    <Column>
      Ingrediensene som allered er lagret,
      <br />
       hvis ingrediensen din ikke er her kan du legge den til!
      <br />
      <Column>
        <ButtonLight
          id="ingred1"
          key="1"
          onClick={[Function]}
        >
          pizzadeig
        </ButtonLight>
        <ButtonLight
          id="ingred2"
          key="2"
          onClick={[Function]}
        >
          pizza fyll
        </ButtonLight>
        <ButtonLight
          id="ingred3"
          key="3"
          onClick={[Function]}
        >
          kjøttboller
        </ButtonLight>
      </Column>
    </Column>
    <Column>
      <FormInput
        id="createIngredient"
        onChange={[Function]}
        placeholder="Legg til ingredienser"
        style={
          {
            "width": "400px",
          }
        }
        type="text"
        value=""
      />
      <ButtonSuccess
        id="createIngredientFunc"
        onClick={[Function]}
      >
        Legg til
      </ButtonSuccess>
    </Column>
    <Column>
      <h5>
        Klikk på ingrediensene over for at de skal komme hit og du kan velge hvor mye du skal ha av hver ingrediens
      </h5>
      <div
        id="ingreditentList"
      />
    </Column>
  </Card>
  <ButtonSuccess
    id="addRecipeBtn"
    onClick={[Function]}
  >
    Send oppskriften opp til the database
  </ButtonSuccess>
</Fragment>
`;
