// Jest Snapshot v1, https://goo.gl/fbAQLP

exports[`Rending Should render after snapshot 1`] = `
<Fragment>
  <Card
    title="Handleliste"
  >
    <Column>
      <p
        key="0"
      >
        1
        .
         
        pizzadeig
         
        <input
          onBlur={[Function]}
          onChange={[Function]}
          size={2}
          type="string"
          value={2}
        />
         
        stk
        <ButtonDanger
          onClick={[Function]}
        >
          -
        </ButtonDanger>
        <ButtonSuccess
          onClick={[Function]}
        >
          +
        </ButtonSuccess>
        <ButtonDanger
          onClick={[Function]}
        >
          <svg
            className="bi bi-trash"
            fill="currentColor"
            height="16"
            viewBox="0 0 16 16"
            width="16"
            xmlns="http://www.w3.org/2000/svg"
          >
            <path
              d="M5.5 5.5A.5.5 0 0 1 6 6v6a.5.5 0 0 1-1 0V6a.5.5 0 0 1 .5-.5zm2.5 0a.5.5 0 0 1 .5.5v6a.5.5 0 0 1-1 0V6a.5.5 0 0 1 .5-.5zm3 .5a.5.5 0 0 0-1 0v6a.5.5 0 0 0 1 0V6z"
            />
            <path
              d="M14.5 3a1 1 0 0 1-1 1H13v9a2 2 0 0 1-2 2H5a2 2 0 0 1-2-2V4h-.5a1 1 0 0 1-1-1V2a1 1 0 0 1 1-1H6a1 1 0 0 1 1-1h2a1 1 0 0 1 1 1h3.5a1 1 0 0 1 1 1v1zM4.118 4 4 4.059V13a1 1 0 0 0 1 1h6a1 1 0 0 0 1-1V4.059L11.882 4H4.118zM2.5 3V2h11v1h-11z"
              fillRule="evenodd"
            />
          </svg>
        </ButtonDanger>
      </p>
      <p
        key="1"
      >
        2
        .
         
        pizza fyll
         
        <input
          onBlur={[Function]}
          onChange={[Function]}
          size={2}
          type="string"
          value={1}
        />
         
        L
        <ButtonDanger
          onClick={[Function]}
        >
          -
        </ButtonDanger>
        <ButtonSuccess
          onClick={[Function]}
        >
          +
        </ButtonSuccess>
        <ButtonDanger
          onClick={[Function]}
        >
          <svg
            className="bi bi-trash"
            fill="currentColor"
            height="16"
            viewBox="0 0 16 16"
            width="16"
            xmlns="http://www.w3.org/2000/svg"
          >
            <path
              d="M5.5 5.5A.5.5 0 0 1 6 6v6a.5.5 0 0 1-1 0V6a.5.5 0 0 1 .5-.5zm2.5 0a.5.5 0 0 1 .5.5v6a.5.5 0 0 1-1 0V6a.5.5 0 0 1 .5-.5zm3 .5a.5.5 0 0 0-1 0v6a.5.5 0 0 0 1 0V6z"
            />
            <path
              d="M14.5 3a1 1 0 0 1-1 1H13v9a2 2 0 0 1-2 2H5a2 2 0 0 1-2-2V4h-.5a1 1 0 0 1-1-1V2a1 1 0 0 1 1-1H6a1 1 0 0 1 1-1h2a1 1 0 0 1 1 1h3.5a1 1 0 0 1 1 1v1zM4.118 4 4 4.059V13a1 1 0 0 0 1 1h6a1 1 0 0 0 1-1V4.059L11.882 4H4.118zM2.5 3V2h11v1h-11z"
              fillRule="evenodd"
            />
          </svg>
        </ButtonDanger>
      </p>
      <ButtonDanger
        onClick={[Function]}
      >
        Slett alle
      </ButtonDanger>
    </Column>
  </Card>
  <Card
    title="Legg til ingredienser"
  >
    <Column>
      <p
        key="1"
      >
        Navn:
         
        <input
          id="navn"
          onChange={[Function]}
          type="text"
          value=""
        />
        Antall:
         
        <input
          id="mengde"
          onChange={[Function]}
          type="number"
          value={0}
        />
        Måleenhet:
         
        <input
          id="maleenhet"
          onChange={[Function]}
          type="text"
          value=""
        />
        <ButtonSuccess
          onClick={[Function]}
        >
          Legg til
        </ButtonSuccess>
      </p>
    </Column>
  </Card>
  <Card
    title="Add existing ingredients"
  >
    <Column>
      <h6>
        Søk
      </h6>
      <FormInput
        id="shoppinglistsearch"
        onChange={[Function]}
        type="text"
        value=""
      />
      <select
        id="selectExistingIngredient"
        onChange={[Function]}
      >
        <option
          key="1"
          value={1}
        >
          pizzadeig
        </option>
        <option
          key="2"
          value={2}
        >
          pizza fyll
        </option>
        <option
          key="3"
          value={3}
        >
          kjøttboller
        </option>
      </select>
    </Column>
    <Column>
      Antall:
       
      <FormInput
        id="exisitingmengde"
        onChange={[Function]}
        type="number"
        value={0}
      />
    </Column>
    <Column>
      Måleenhet:
       
      <FormInput
        id="exisitingmaleenhet"
        onChange={[Function]}
        type="text"
        value=""
      />
    </Column>
    <Column>
      <ButtonSuccess
        onClick={[Function]}
      >
        Legg til
      </ButtonSuccess>
    </Column>
  </Card>
</Fragment>
`;
