// Jest Snapshot v1, https://goo.gl/fbAQLP

exports[`ShowAllRecipe tests Snapshot showAllRecipe draws correctly 1`] = `
<Fragment>
  <div
    className="margintop"
  >
    <br />
    <Row>
      <center>
        <Columns>
          <div>
            <FormInput
              id="indexsearch"
              onChange={[Function]}
              placeholder="Søk etter oppskrift"
              style={
                {
                  "display": "inline",
                  "width": "220px",
                }
              }
              type="text"
              value=""
            />
            <div
              style={
                {
                  "display": "none ",
                }
              }
            >
              <ForwardRef
                onChange={[Function]}
                options={
                  [
                    {
                      "label": "Søk på kategori",
                      "value": 0,
                    },
                    {
                      "label": "Ikea mat",
                      "value": 1,
                    },
                    {
                      "label": "enkelt",
                      "value": 2,
                    },
                  ]
                }
              />
            </div>
          </div>
        </Columns>
        <Columns>
          <select
            className="form-select"
            id="sortBy"
            onChange={[Function]}
            style={
              {
                "width": "220px",
              }
            }
          >
            <option
              value="1"
            >
              A-Z
            </option>
            <option
              value="2"
            >
              Z-A
            </option>
            <option
              value="3"
            >
              Nyeste
            </option>
            <option
              value="4"
            >
              Land
            </option>
            <option
              value="5"
            >
              Kategori
            </option>
          </select>
        </Columns>
      </center>
    </Row>
    <br />
    <div
      className="container-fluid "
    >
      <Rows>
        <Cards
          key="1"
          title=""
        >
          <NavLink
            className="black"
            to="/recipe/1"
          >
            <RecipeView
              img="pizza.jpg"
              name="Pizza"
              numbOfPors={4}
            />
          </NavLink>
        </Cards>
        <Cards
          key="2"
          title=""
        >
          <NavLink
            className="black"
            to="/recipe/2"
          >
            <RecipeView
              img="kjøttboller.jpg"
              name="Kjøttboller i brunsaus"
              numbOfPors={4}
            />
          </NavLink>
        </Cards>
      </Rows>
    </div>
  </div>
</Fragment>
`;
